// Jest Snapshot v1, https://goo.gl/fbAQLP

exports[`@grafoo/babel-plugin-tag should replace a tagged template literal with the compiled grafoo object 1`] = `
"const query = {
  \\"query\\": \\"query ($id: ID!, $offset: Int!, $start: Int!) {\\\\n  posts(offset: $offset, start: $start) {\\\\n    authors {\\\\n      id\\\\n      name\\\\n      username\\\\n    }\\\\n    body\\\\n    createdAt\\\\n    id\\\\n    tags {\\\\n      id\\\\n      name\\\\n    }\\\\n    title\\\\n  }\\\\n  user(id: $id) {\\\\n    id\\\\n    name\\\\n    username\\\\n  }\\\\n}\\",
  \\"paths\\": {
    \\"posts(offset:$offset,start:$start){authors{id name username}body createdAt id tags{id name}title}\\": {
      \\"name\\": \\"posts\\",
      \\"args\\": [\\"offset\\", \\"start\\"]
    },
    \\"user(id:$id){id name username}\\": {
      \\"name\\": \\"user\\",
      \\"args\\": [\\"id\\"]
    }
  }
};"
`;
